2025/12/27 18:10:47 [notice] 1#1: using the "epoll" event method
2025/12/27 18:10:47 [notice] 1#1: nginx/1.29.4
2025/12/27 18:10:47 [notice] 1#1: built by gcc 15.2.0 (Alpine 15.2.0) 
2025/12/27 18:10:47 [notice] 1#1: OS: Linux 6.6.87.2-microsoft-standard-WSL2
2025/12/27 18:10:47 [notice] 1#1: getrlimit(RLIMIT_NOFILE): 1048576:1048576
2025/12/27 18:10:47 [notice] 1#1: start worker processes
2025/12/27 18:10:47 [notice] 1#1: start worker process 8
2025/12/27 18:10:47 [notice] 1#1: start worker process 9
2025/12/27 18:10:47 [notice] 1#1: start worker process 10
2025/12/27 18:10:47 [notice] 1#1: start worker process 11
2025/12/27 18:10:47 [notice] 1#1: start worker process 12
2025/12/27 18:10:47 [notice] 1#1: start worker process 13
2025/12/27 18:10:47 [notice] 1#1: start worker process 14
2025/12/27 18:10:47 [notice] 1#1: start worker process 15
2025/12/27 18:10:47 [notice] 1#1: start worker process 16
2025/12/27 18:10:47 [notice] 1#1: start worker process 17
2025/12/27 18:10:47 [notice] 1#1: start worker process 18
2025/12/27 18:10:47 [notice] 1#1: start worker process 19
2025/12/27 18:10:47 [notice] 1#1: start worker process 20
2025/12/27 18:10:47 [notice] 1#1: start worker process 21
2025/12/27 18:10:47 [notice] 1#1: start worker process 22
2025/12/27 18:10:47 [notice] 1#1: start worker process 23
2025/12/27 18:10:47 [notice] 1#1: start worker process 24
2025/12/27 18:10:47 [notice] 1#1: start worker process 25
2025/12/27 18:10:47 [notice] 1#1: start worker process 26
2025/12/27 18:10:47 [notice] 1#1: start worker process 27
2025/12/27 18:10:47 [notice] 1#1: start worker process 28
2025/12/27 18:10:47 [notice] 1#1: start worker process 29
2025/12/27 18:10:47 [notice] 1#1: start worker process 30
2025/12/27 18:10:47 [notice] 1#1: start worker process 31
2025/12/27 18:12:22 [error] 11#11: *4 open() "/usr/share/nginx/html/test" failed (2: No such file or directory), client: 172.18.0.1, server: localhost, request: "GET /test HTTP/1.1", host: "localhost:8080"
2025/12/27 18:12:26 [error] 12#12: *5 open() "/usr/share/nginx/html/test" failed (2: No such file or directory), client: 172.18.0.1, server: localhost, request: "GET /test HTTP/1.1", host: "localhost:8080"
2025/12/27 18:12:34 [error] 13#13: *6 open() "/usr/share/nginx/html/hello" failed (2: No such file or directory), client: 172.18.0.1, server: localhost, request: "GET /hello HTTP/1.1", host: "localhost:8080"
2025/12/27 18:18:05 [notice] 1#1: signal 3 (SIGQUIT) received, shutting down
2025/12/27 18:18:05 [notice] 8#8: gracefully shutting down
2025/12/27 18:18:05 [notice] 19#19: gracefully shutting down
2025/12/27 18:18:05 [notice] 10#10: gracefully shutting down
2025/12/27 18:18:05 [notice] 11#11: gracefully shutting down
2025/12/27 18:18:05 [notice] 12#12: gracefully shutting down
2025/12/27 18:18:05 [notice] 9#9: gracefully shutting down
2025/12/27 18:18:05 [notice] 13#13: gracefully shutting down
2025/12/27 18:18:05 [notice] 14#14: gracefully shutting down
2025/12/27 18:18:05 [notice] 15#15: gracefully shutting down
2025/12/27 18:18:05 [notice] 16#16: gracefully shutting down
2025/12/27 18:18:05 [notice] 17#17: gracefully shutting down
2025/12/27 18:18:05 [notice] 18#18: gracefully shutting down
2025/12/27 18:18:05 [notice] 20#20: gracefully shutting down
2025/12/27 18:18:05 [notice] 21#21: gracefully shutting down
2025/12/27 18:18:05 [notice] 21#21: exiting
2025/12/27 18:18:05 [notice] 23#23: gracefully shutting down
2025/12/27 18:18:05 [notice] 24#24: gracefully shutting down
2025/12/27 18:18:05 [notice] 22#22: gracefully shutting down
2025/12/27 18:18:05 [notice] 25#25: gracefully shutting down
2025/12/27 18:18:05 [notice] 26#26: gracefully shutting down
2025/12/27 18:18:05 [notice] 8#8: exiting
2025/12/27 18:18:05 [notice] 27#27: gracefully shutting down
2025/12/27 18:18:05 [notice] 28#28: gracefully shutting down
2025/12/27 18:18:05 [notice] 29#29: gracefully shutting down
2025/12/27 18:18:05 [notice] 30#30: gracefully shutting down
2025/12/27 18:18:05 [notice] 31#31: gracefully shutting down
2025/12/27 18:18:05 [notice] 19#19: exiting
2025/12/27 18:18:05 [notice] 10#10: exiting
2025/12/27 18:18:05 [notice] 11#11: exiting
2025/12/27 18:18:05 [notice] 12#12: exiting
2025/12/27 18:18:05 [notice] 9#9: exiting
2025/12/27 18:18:05 [notice] 13#13: exiting
2025/12/27 18:18:05 [notice] 14#14: exiting
2025/12/27 18:18:05 [notice] 15#15: exiting
2025/12/27 18:18:05 [notice] 16#16: exiting
2025/12/27 18:18:05 [notice] 15#15: exit
2025/12/27 18:18:05 [notice] 17#17: exiting
2025/12/27 18:18:05 [notice] 18#18: exiting
2025/12/27 18:18:05 [notice] 20#20: exiting
2025/12/27 18:18:05 [notice] 18#18: exit
2025/12/27 18:18:05 [notice] 21#21: exit
2025/12/27 18:18:05 [notice] 23#23: exiting
2025/12/27 18:18:05 [notice] 24#24: exiting
2025/12/27 18:18:05 [notice] 22#22: exiting
2025/12/27 18:18:05 [notice] 24#24: exit
2025/12/27 18:18:05 [notice] 25#25: exiting
2025/12/27 18:18:05 [notice] 26#26: exiting
2025/12/27 18:18:05 [notice] 25#25: exit
2025/12/27 18:18:05 [notice] 27#27: exiting
2025/12/27 18:18:05 [notice] 8#8: exit
2025/12/27 18:18:05 [notice] 28#28: exiting
2025/12/27 18:18:05 [notice] 29#29: exiting
2025/12/27 18:18:05 [notice] 30#30: exiting
2025/12/27 18:18:05 [notice] 29#29: exit
2025/12/27 18:18:05 [notice] 31#31: exiting
2025/12/27 18:18:05 [notice] 19#19: exit
2025/12/27 18:18:05 [notice] 10#10: exit
2025/12/27 18:18:05 [notice] 11#11: exit
2025/12/27 18:18:05 [notice] 12#12: exit
2025/12/27 18:18:05 [notice] 9#9: exit
2025/12/27 18:18:05 [notice] 13#13: exit
2025/12/27 18:18:05 [notice] 14#14: exit
2025/12/27 18:18:05 [notice] 16#16: exit
2025/12/27 18:18:05 [notice] 17#17: exit
2025/12/27 18:18:05 [notice] 20#20: exit
2025/12/27 18:18:05 [notice] 23#23: exit
2025/12/27 18:18:05 [notice] 22#22: exit
2025/12/27 18:18:05 [notice] 26#26: exit
2025/12/27 18:18:05 [notice] 27#27: exit
2025/12/27 18:18:05 [notice] 28#28: exit
2025/12/27 18:18:05 [notice] 30#30: exit
2025/12/27 18:18:05 [notice] 31#31: exit
2025/12/27 18:18:05 [notice] 1#1: signal 17 (SIGCHLD) received from 21
2025/12/27 18:18:05 [notice] 1#1: worker process 21 exited with code 0
2025/12/27 18:18:05 [notice] 1#1: signal 29 (SIGIO) received
2025/12/27 18:18:05 [notice] 1#1: signal 17 (SIGCHLD) received from 8
2025/12/27 18:18:05 [notice] 1#1: worker process 8 exited with code 0
2025/12/27 18:18:05 [notice] 1#1: signal 29 (SIGIO) received
2025/12/27 18:18:05 [notice] 1#1: signal 17 (SIGCHLD) received from 26
2025/12/27 18:18:05 [notice] 1#1: worker process 26 exited with code 0
2025/12/27 18:18:05 [notice] 1#1: signal 29 (SIGIO) received
2025/12/27 18:18:05 [notice] 1#1: signal 17 (SIGCHLD) received from 31
2025/12/27 18:18:05 [notice] 1#1: worker process 9 exited with code 0
2025/12/27 18:18:05 [notice] 1#1: worker process 10 exited with code 0
2025/12/27 18:18:05 [notice] 1#1: worker process 11 exited with code 0
2025/12/27 18:18:05 [notice] 1#1: worker process 12 exited with code 0
2025/12/27 18:18:05 [notice] 1#1: worker process 14 exited with code 0
2025/12/27 18:18:05 [notice] 1#1: worker process 15 exited with code 0
2025/12/27 18:18:05 [notice] 1#1: worker process 16 exited with code 0
2025/12/27 18:18:05 [notice] 1#1: worker process 17 exited with code 0
2025/12/27 18:18:05 [notice] 1#1: worker process 18 exited with code 0
2025/12/27 18:18:05 [notice] 1#1: worker process 19 exited with code 0
2025/12/27 18:18:05 [notice] 1#1: worker process 20 exited with code 0
2025/12/27 18:18:05 [notice] 1#1: worker process 22 exited with code 0
2025/12/27 18:18:05 [notice] 1#1: worker process 13 exited with code 0
2025/12/27 18:18:05 [notice] 1#1: worker process 23 exited with code 0
2025/12/27 18:18:05 [notice] 1#1: worker process 24 exited with code 0
2025/12/27 18:18:05 [notice] 1#1: worker process 25 exited with code 0
2025/12/27 18:18:05 [notice] 1#1: worker process 27 exited with code 0
2025/12/27 18:18:05 [notice] 1#1: worker process 29 exited with code 0
2025/12/27 18:18:05 [notice] 1#1: worker process 30 exited with code 0
2025/12/27 18:18:05 [notice] 1#1: worker process 31 exited with code 0
2025/12/27 18:18:05 [notice] 1#1: signal 29 (SIGIO) received
2025/12/27 18:18:05 [notice] 1#1: signal 17 (SIGCHLD) received from 11
2025/12/27 18:18:05 [notice] 1#1: signal 17 (SIGCHLD) received from 28
2025/12/27 18:18:05 [notice] 1#1: worker process 28 exited with code 0
2025/12/27 18:18:05 [notice] 1#1: exit
